2026-08-20 10:33:31 | Run: 20260820-103331_model_comparison_resnet18_s266978
2026-08-20 10:33:31 | Config: /Users/jiaojiayi/Desktop/2608.week3/cifar10-resnet/runs/20260820-103331_model_comparison_resnet18_s266978/config.json
2026-08-20 10:33:31 | Device: mps
2026-08-20 10:33:33 | Model: {'name': 'ResNet18', 'num_classes': 10, 'base_channels': 64, 'zero_init_residual': False}
2026-08-20 10:33:33 | Trainable parameters: 11173962 (11.174 M)
2026-08-20 10:33:33 | Samples: train=45000 val=5000 test=10000
2026-08-20 10:34:10 | Epoch 001/200 | train 1.8696 / 32.58% | val 1.5472 / 42.12% | lr 0.100000 | 37.0s
2026-08-20 10:34:47 | Epoch 002/200 | train 1.2414 / 54.49% | val 1.2204 / 57.52% | lr 0.099994 | 37.2s
2026-08-20 10:35:25 | Epoch 003/200 | train 0.8973 / 67.99% | val 0.8925 / 68.88% | lr 0.099975 | 37.3s
2026-08-20 10:36:03 | Epoch 004/200 | train 0.6917 / 75.61% | val 0.8280 / 71.42% | lr 0.099944 | 37.7s
2026-08-20 10:36:40 | Epoch 005/200 | train 0.5481 / 81.03% | val 0.7416 / 73.72% | lr 0.099901 | 37.6s
2026-08-20 10:37:19 | Epoch 006/200 | train 0.4653 / 83.71% | val 0.8068 / 73.46% | lr 0.099846 | 38.6s
2026-08-20 10:38:00 | Epoch 007/200 | train 0.3970 / 86.42% | val 0.8483 / 72.82% | lr 0.099778 | 41.1s
2026-08-20 10:38:42 | Epoch 008/200 | train 0.3473 / 87.80% | val 0.7422 / 76.40% | lr 0.099698 | 41.3s
2026-08-20 10:39:24 | Epoch 009/200 | train 0.3132 / 89.08% | val 0.6475 / 79.30% | lr 0.099606 | 41.6s
2026-08-20 10:40:05 | Epoch 010/200 | train 0.2844 / 89.95% | val 0.6889 / 78.18% | lr 0.099501 | 40.9s
2026-08-20 10:40:45 | Epoch 011/200 | train 0.2642 / 90.72% | val 0.7498 / 76.94% | lr 0.099384 | 40.2s
2026-08-20 10:41:26 | Epoch 012/200 | train 0.2477 / 91.52% | val 0.7778 / 77.24% | lr 0.099255 | 41.1s
2026-08-20 10:42:08 | Epoch 013/200 | train 0.2277 / 92.01% | val 0.6908 / 79.12% | lr 0.099114 | 41.5s
2026-08-20 10:42:49 | Epoch 014/200 | train 0.2080 / 92.77% | val 0.6876 / 79.40% | lr 0.098961 | 41.4s
2026-08-20 10:43:31 | Epoch 015/200 | train 0.2066 / 92.75% | val 0.7870 / 77.86% | lr 0.098796 | 41.4s
2026-08-20 10:44:12 | Epoch 016/200 | train 0.2078 / 92.88% | val 0.7112 / 78.48% | lr 0.098618 | 41.5s
2026-08-20 10:44:54 | Epoch 017/200 | train 0.1861 / 93.62% | val 0.8617 / 75.84% | lr 0.098429 | 41.6s
2026-08-20 10:45:36 | Epoch 018/200 | train 0.1923 / 93.42% | val 0.7422 / 78.84% | lr 0.098228 | 41.9s
2026-08-20 10:46:19 | Epoch 019/200 | train 0.1762 / 93.91% | val 0.7861 / 77.20% | lr 0.098015 | 42.5s
2026-08-20 10:47:02 | Epoch 020/200 | train 0.1893 / 93.41% | val 0.7509 / 78.52% | lr 0.097790 | 42.6s
2026-08-20 10:47:44 | Epoch 021/200 | train 0.1745 / 94.12% | val 0.6917 / 79.20% | lr 0.097553 | 42.4s
2026-08-20 10:48:26 | Epoch 022/200 | train 0.1778 / 93.92% | val 0.7185 / 79.62% | lr 0.097304 | 42.2s
2026-08-20 10:49:09 | Epoch 023/200 | train 0.1641 / 94.44% | val 0.7337 / 77.74% | lr 0.097044 | 42.1s
2026-08-20 10:49:51 | Epoch 024/200 | train 0.1772 / 93.91% | val 0.6173 / 81.06% | lr 0.096772 | 42.1s
2026-08-20 10:50:33 | Epoch 025/200 | train 0.1615 / 94.44% | val 0.7788 / 77.70% | lr 0.096489 | 42.3s
2026-08-20 10:51:16 | Epoch 026/200 | train 0.1585 / 94.50% | val 0.7974 / 77.82% | lr 0.096194 | 42.3s
2026-08-20 10:51:58 | Epoch 027/200 | train 0.1643 / 94.43% | val 0.7646 / 77.66% | lr 0.095888 | 42.1s
2026-08-20 10:52:40 | Epoch 028/200 | train 0.1566 / 94.69% | val 0.7689 / 77.80% | lr 0.095570 | 41.6s
2026-08-20 10:53:22 | Epoch 029/200 | train 0.1626 / 94.48% | val 1.0472 / 71.38% | lr 0.095241 | 42.1s
2026-08-20 10:54:04 | Epoch 030/200 | train 0.1640 / 94.33% | val 0.6104 / 81.64% | lr 0.094901 | 41.7s
2026-08-20 10:54:46 | Epoch 031/200 | train 0.1433 / 95.17% | val 0.7751 / 78.52% | lr 0.094550 | 41.8s
2026-08-20 10:55:29 | Epoch 032/200 | train 0.1517 / 94.81% | val 0.6905 / 79.00% | lr 0.094188 | 42.8s
2026-08-20 10:56:14 | Epoch 033/200 | train 0.1439 / 95.13% | val 0.7754 / 78.48% | lr 0.093815 | 44.7s
2026-08-20 10:56:59 | Epoch 034/200 | train 0.1490 / 94.93% | val 0.8483 / 76.14% | lr 0.093432 | 45.2s
2026-08-20 10:57:43 | Epoch 035/200 | train 0.1505 / 94.86% | val 0.6851 / 80.66% | lr 0.093037 | 44.2s
2026-08-20 10:58:28 | Epoch 036/200 | train 0.1451 / 95.11% | val 1.2765 / 70.16% | lr 0.092632 | 44.9s
2026-08-20 10:59:14 | Epoch 037/200 | train 0.1431 / 95.23% | val 0.8541 / 76.08% | lr 0.092216 | 45.2s
2026-08-20 10:59:56 | Epoch 038/200 | train 0.1513 / 94.88% | val 0.7126 / 79.26% | lr 0.091790 | 42.0s
2026-08-20 11:00:39 | Epoch 039/200 | train 0.1353 / 95.46% | val 0.7178 / 79.24% | lr 0.091354 | 42.9s
2026-08-20 11:01:21 | Epoch 040/200 | train 0.1336 / 95.45% | val 0.8492 / 77.62% | lr 0.090907 | 42.1s
2026-08-20 11:02:05 | Epoch 041/200 | train 0.1483 / 94.87% | val 0.9894 / 74.68% | lr 0.090451 | 44.2s
2026-08-20 11:02:49 | Epoch 042/200 | train 0.1434 / 95.14% | val 0.9044 / 74.60% | lr 0.089984 | 43.3s
2026-08-20 11:03:33 | Epoch 043/200 | train 0.1346 / 95.36% | val 0.6964 / 79.58% | lr 0.089508 | 43.8s
2026-08-20 11:04:16 | Epoch 044/200 | train 0.1312 / 95.61% | val 0.8211 / 78.02% | lr 0.089022 | 43.4s
2026-08-20 11:05:00 | Epoch 045/200 | train 0.1349 / 95.40% | val 0.8427 / 76.26% | lr 0.088526 | 43.7s
2026-08-20 11:05:43 | Epoch 046/200 | train 0.1393 / 95.33% | val 0.7332 / 80.56% | lr 0.088020 | 43.0s
2026-08-20 11:06:27 | Epoch 047/200 | train 0.1316 / 95.46% | val 0.6759 / 80.88% | lr 0.087506 | 43.1s
2026-08-20 11:07:10 | Epoch 048/200 | train 0.1215 / 95.81% | val 0.7077 / 79.86% | lr 0.086982 | 43.3s
2026-08-20 11:07:53 | Epoch 049/200 | train 0.1286 / 95.59% | val 0.8089 / 78.56% | lr 0.086448 | 42.9s
2026-08-20 11:08:36 | Epoch 050/200 | train 0.1238 / 95.79% | val 0.6536 / 81.00% | lr 0.085906 | 42.5s
2026-08-20 11:09:19 | Epoch 051/200 | train 0.1272 / 95.66% | val 0.7336 / 79.46% | lr 0.085355 | 42.9s
2026-08-20 11:10:09 | Epoch 052/200 | train 0.1234 / 95.88% | val 0.6676 / 81.50% | lr 0.084796 | 49.8s
2026-08-20 11:10:57 | Epoch 053/200 | train 0.1224 / 95.80% | val 0.7460 / 79.10% | lr 0.084227 | 48.4s
2026-08-20 11:11:47 | Epoch 054/200 | train 0.1178 / 96.10% | val 0.6851 / 80.86% | lr 0.083651 | 49.7s
2026-08-20 11:12:31 | Epoch 055/200 | train 0.1193 / 95.99% | val 0.7277 / 79.40% | lr 0.083066 | 43.8s
2026-08-20 11:13:16 | Epoch 056/200 | train 0.1224 / 95.92% | val 0.8545 / 77.40% | lr 0.082472 | 45.2s
2026-08-20 11:14:02 | Epoch 057/200 | train 0.1150 / 96.14% | val 0.7441 / 78.68% | lr 0.081871 | 46.1s
2026-08-20 11:14:47 | Epoch 058/200 | train 0.1265 / 95.68% | val 0.8975 / 76.28% | lr 0.081262 | 44.9s
2026-08-20 11:15:32 | Epoch 059/200 | train 0.1137 / 96.24% | val 0.7136 / 79.54% | lr 0.080645 | 44.9s
2026-08-20 11:16:14 | Epoch 060/200 | train 0.1104 / 96.23% | val 0.9574 / 75.94% | lr 0.080021 | 41.9s
2026-08-20 11:16:56 | Epoch 061/200 | train 0.1151 / 96.08% | val 1.0518 / 73.42% | lr 0.079389 | 41.4s
2026-08-20 11:17:35 | Epoch 062/200 | train 0.1086 / 96.35% | val 0.8153 / 78.06% | lr 0.078750 | 39.1s
2026-08-20 11:18:16 | Epoch 063/200 | train 0.1149 / 96.12% | val 0.8633 / 77.16% | lr 0.078104 | 40.9s
2026-08-20 11:18:56 | Epoch 064/200 | train 0.0939 / 96.87% | val 0.7764 / 78.00% | lr 0.077451 | 40.1s
2026-08-20 11:19:38 | Epoch 065/200 | train 0.1183 / 96.05% | val 0.7516 / 79.20% | lr 0.076791 | 41.5s
2026-08-20 11:20:20 | Epoch 066/200 | train 0.1015 / 96.57% | val 0.7468 / 80.00% | lr 0.076125 | 42.3s
2026-08-20 11:21:03 | Epoch 067/200 | train 0.1180 / 96.00% | val 0.7269 / 79.88% | lr 0.075452 | 42.9s
2026-08-20 11:21:47 | Epoch 068/200 | train 0.0957 / 96.86% | val 0.6452 / 83.36% | lr 0.074773 | 43.6s
2026-08-20 11:22:31 | Epoch 069/200 | train 0.0985 / 96.66% | val 0.7145 / 80.36% | lr 0.074088 | 43.8s
2026-08-20 11:23:16 | Epoch 070/200 | train 0.1048 / 96.47% | val 0.7080 / 80.20% | lr 0.073396 | 44.5s
2026-08-20 11:23:59 | Epoch 071/200 | train 0.0840 / 97.26% | val 0.8080 / 78.30% | lr 0.072700 | 43.8s
2026-08-20 11:24:43 | Epoch 072/200 | train 0.1113 / 96.22% | val 0.7985 / 78.20% | lr 0.071997 | 43.8s
2026-08-20 11:25:29 | Epoch 073/200 | train 0.0982 / 96.68% | val 0.6287 / 83.12% | lr 0.071289 | 45.3s
2026-08-20 11:26:15 | Epoch 074/200 | train 0.0838 / 97.26% | val 0.7728 / 79.62% | lr 0.070576 | 46.3s
2026-08-20 11:27:01 | Epoch 075/200 | train 0.0962 / 96.86% | val 0.6195 / 82.80% | lr 0.069857 | 46.4s
2026-08-20 11:27:48 | Epoch 076/200 | train 0.1022 / 96.60% | val 0.7370 / 79.60% | lr 0.069134 | 46.8s
2026-08-20 11:28:33 | Epoch 077/200 | train 0.0886 / 96.99% | val 0.6764 / 81.44% | lr 0.068406 | 44.9s
2026-08-20 11:29:17 | Epoch 078/200 | train 0.0883 / 97.10% | val 0.6319 / 82.00% | lr 0.067674 | 43.6s
2026-08-20 11:30:00 | Epoch 079/200 | train 0.0828 / 97.24% | val 0.7125 / 80.00% | lr 0.066937 | 42.8s
2026-08-20 11:30:42 | Epoch 080/200 | train 0.0834 / 97.20% | val 0.7654 / 79.98% | lr 0.066196 | 42.0s
2026-08-20 11:31:28 | Epoch 081/200 | train 0.0936 / 96.78% | val 0.7333 / 79.84% | lr 0.065451 | 45.3s
2026-08-20 11:32:11 | Epoch 082/200 | train 0.0910 / 96.96% | val 0.7664 / 79.70% | lr 0.064702 | 43.1s
2026-08-20 11:32:54 | Epoch 083/200 | train 0.0793 / 97.42% | val 0.7393 / 80.54% | lr 0.063950 | 42.6s
2026-08-20 11:33:38 | Epoch 084/200 | train 0.0750 / 97.57% | val 0.6697 / 82.28% | lr 0.063194 | 43.9s
2026-08-20 11:34:19 | Epoch 085/200 | train 0.0661 / 97.84% | val 0.8722 / 78.10% | lr 0.062434 | 41.7s
2026-08-20 11:35:00 | Epoch 086/200 | train 0.0963 / 96.82% | val 0.7037 / 80.90% | lr 0.061672 | 40.9s
2026-08-20 11:35:41 | Epoch 087/200 | train 0.0749 / 97.49% | val 0.6806 / 82.16% | lr 0.060907 | 40.4s
2026-08-20 11:36:21 | Epoch 088/200 | train 0.0806 / 97.40% | val 0.7398 / 80.68% | lr 0.060139 | 40.2s
2026-08-20 11:37:02 | Epoch 089/200 | train 0.0671 / 97.86% | val 0.7118 / 80.86% | lr 0.059369 | 40.3s
2026-08-20 11:37:42 | Epoch 090/200 | train 0.0616 / 98.06% | val 0.7190 / 81.26% | lr 0.058596 | 40.0s
2026-08-20 11:38:22 | Epoch 091/200 | train 0.0793 / 97.46% | val 0.6951 / 81.34% | lr 0.057822 | 40.0s
2026-08-20 11:39:02 | Epoch 092/200 | train 0.0682 / 97.79% | val 0.6429 / 82.94% | lr 0.057045 | 39.8s
2026-08-20 11:39:42 | Epoch 093/200 | train 0.0681 / 97.78% | val 0.7213 / 81.74% | lr 0.056267 | 39.9s
2026-08-20 11:40:22 | Epoch 094/200 | train 0.0657 / 97.96% | val 0.8677 / 77.82% | lr 0.055487 | 39.9s
2026-08-20 11:41:02 | Epoch 095/200 | train 0.0724 / 97.63% | val 0.7234 / 80.62% | lr 0.054705 | 39.7s
2026-08-20 11:41:42 | Epoch 096/200 | train 0.0659 / 97.89% | val 0.7634 / 79.36% | lr 0.053923 | 40.0s
2026-08-20 11:42:23 | Epoch 097/200 | train 0.0562 / 98.18% | val 0.6816 / 82.00% | lr 0.053140 | 40.7s
2026-08-20 11:43:03 | Epoch 098/200 | train 0.0569 / 98.20% | val 0.8362 / 79.72% | lr 0.052355 | 40.4s
2026-08-20 11:43:46 | Epoch 099/200 | train 0.0642 / 98.01% | val 0.6771 / 81.42% | lr 0.051571 | 42.7s
2026-08-20 11:44:26 | Epoch 100/200 | train 0.0542 / 98.25% | val 0.7271 / 80.80% | lr 0.050785 | 40.3s
2026-08-20 11:45:07 | Epoch 101/200 | train 0.0627 / 97.98% | val 0.7245 / 80.78% | lr 0.050000 | 40.4s
2026-08-20 11:45:48 | Epoch 102/200 | train 0.0500 / 98.46% | val 0.8004 / 81.00% | lr 0.049215 | 41.4s
2026-08-20 11:46:32 | Epoch 103/200 | train 0.0645 / 97.76% | val 0.7517 / 80.98% | lr 0.048429 | 43.3s
2026-08-20 11:47:14 | Epoch 104/200 | train 0.0618 / 97.98% | val 0.6706 / 82.28% | lr 0.047645 | 41.6s
2026-08-20 11:47:57 | Epoch 105/200 | train 0.0367 / 98.88% | val 0.5974 / 83.90% | lr 0.046860 | 43.4s
2026-08-20 11:48:39 | Epoch 106/200 | train 0.0441 / 98.62% | val 0.6943 / 82.00% | lr 0.046077 | 41.9s
2026-08-20 11:49:20 | Epoch 107/200 | train 0.0520 / 98.34% | val 0.7091 / 81.34% | lr 0.045295 | 41.1s
2026-08-20 11:50:01 | Epoch 108/200 | train 0.0513 / 98.38% | val 0.8009 / 80.48% | lr 0.044513 | 40.7s
2026-08-20 11:50:43 | Epoch 109/200 | train 0.0465 / 98.53% | val 0.7423 / 81.18% | lr 0.043733 | 41.8s
2026-08-20 11:51:24 | Epoch 110/200 | train 0.0357 / 98.92% | val 0.6291 / 83.36% | lr 0.042955 | 41.2s
2026-08-20 11:52:06 | Epoch 111/200 | train 0.0554 / 98.19% | val 0.6863 / 82.46% | lr 0.042178 | 41.0s
2026-08-20 11:52:46 | Epoch 112/200 | train 0.0604 / 98.06% | val 0.6351 / 83.38% | lr 0.041404 | 40.6s
2026-08-20 11:53:29 | Epoch 113/200 | train 0.0368 / 98.87% | val 0.6968 / 81.84% | lr 0.040631 | 42.5s
2026-08-20 11:54:13 | Epoch 114/200 | train 0.0208 / 99.41% | val 0.5945 / 84.62% | lr 0.039861 | 43.9s
2026-08-20 11:54:56 | Epoch 115/200 | train 0.0083 / 99.86% | val 0.5773 / 84.28% | lr 0.039093 | 42.5s
2026-08-20 11:55:38 | Epoch 116/200 | train 0.0040 / 99.95% | val 0.4934 / 86.68% | lr 0.038328 | 41.9s
2026-08-20 11:56:19 | Epoch 117/200 | train 0.0018 / 100.00% | val 0.4345 / 87.82% | lr 0.037566 | 40.7s
2026-08-20 11:56:59 | Epoch 118/200 | train 0.0014 / 100.00% | val 0.4134 / 88.02% | lr 0.036806 | 40.7s
2026-08-20 11:57:39 | Epoch 119/200 | train 0.0016 / 100.00% | val 0.4032 / 88.22% | lr 0.036050 | 39.3s
2026-08-20 11:58:18 | Epoch 120/200 | train 0.0017 / 100.00% | val 0.3944 / 88.46% | lr 0.035298 | 38.8s
2026-08-20 11:58:57 | Epoch 121/200 | train 0.0019 / 100.00% | val 0.3903 / 88.56% | lr 0.034549 | 39.1s
2026-08-20 11:59:37 | Epoch 122/200 | train 0.0019 / 100.00% | val 0.3880 / 88.62% | lr 0.033804 | 39.4s
2026-08-20 12:00:17 | Epoch 123/200 | train 0.0019 / 100.00% | val 0.3837 / 88.66% | lr 0.033063 | 39.9s
2026-08-20 12:00:57 | Epoch 124/200 | train 0.0019 / 100.00% | val 0.3798 / 88.80% | lr 0.032326 | 40.3s
2026-08-20 12:01:38 | Epoch 125/200 | train 0.0019 / 100.00% | val 0.3812 / 88.66% | lr 0.031594 | 40.6s
2026-08-20 12:02:19 | Epoch 126/200 | train 0.0019 / 100.00% | val 0.3785 / 88.70% | lr 0.030866 | 41.0s
2026-08-20 12:03:00 | Epoch 127/200 | train 0.0019 / 100.00% | val 0.3772 / 88.80% | lr 0.030143 | 41.0s
2026-08-20 12:03:42 | Epoch 128/200 | train 0.0018 / 100.00% | val 0.3779 / 88.72% | lr 0.029424 | 41.0s
2026-08-20 12:04:23 | Epoch 129/200 | train 0.0018 / 100.00% | val 0.3785 / 88.88% | lr 0.028711 | 41.0s
2026-08-20 12:05:04 | Epoch 130/200 | train 0.0018 / 100.00% | val 0.3784 / 88.62% | lr 0.028003 | 41.3s
2026-08-20 12:05:45 | Epoch 131/200 | train 0.0018 / 100.00% | val 0.3760 / 88.78% | lr 0.027300 | 41.0s
2026-08-20 12:06:26 | Epoch 132/200 | train 0.0018 / 100.00% | val 0.3775 / 88.78% | lr 0.026604 | 41.0s
2026-08-20 12:07:07 | Epoch 133/200 | train 0.0018 / 100.00% | val 0.3812 / 88.68% | lr 0.025912 | 40.9s
2026-08-20 12:07:48 | Epoch 134/200 | train 0.0018 / 100.00% | val 0.3840 / 88.48% | lr 0.025227 | 40.9s
2026-08-20 12:08:29 | Epoch 135/200 | train 0.0018 / 100.00% | val 0.3767 / 89.08% | lr 0.024548 | 40.9s
2026-08-20 12:09:10 | Epoch 136/200 | train 0.0018 / 100.00% | val 0.3819 / 88.80% | lr 0.023875 | 40.9s
2026-08-20 12:09:51 | Epoch 137/200 | train 0.0018 / 100.00% | val 0.3811 / 88.90% | lr 0.023209 | 40.9s
2026-08-20 12:10:32 | Epoch 138/200 | train 0.0018 / 100.00% | val 0.3835 / 88.82% | lr 0.022549 | 40.8s
2026-08-20 12:11:13 | Epoch 139/200 | train 0.0018 / 100.00% | val 0.3830 / 88.62% | lr 0.021896 | 40.9s
2026-08-20 12:11:54 | Epoch 140/200 | train 0.0018 / 100.00% | val 0.3839 / 88.74% | lr 0.021250 | 40.8s
2026-08-20 12:12:35 | Epoch 141/200 | train 0.0018 / 100.00% | val 0.3895 / 88.76% | lr 0.020611 | 40.8s
2026-08-20 12:13:16 | Epoch 142/200 | train 0.0017 / 100.00% | val 0.3872 / 88.60% | lr 0.019979 | 40.8s
2026-08-20 12:13:57 | Epoch 143/200 | train 0.0017 / 100.00% | val 0.3827 / 88.98% | lr 0.019355 | 40.9s
2026-08-20 12:14:38 | Epoch 144/200 | train 0.0017 / 100.00% | val 0.3866 / 88.66% | lr 0.018738 | 40.8s
2026-08-20 12:15:19 | Epoch 145/200 | train 0.0017 / 100.00% | val 0.3885 / 88.76% | lr 0.018129 | 40.8s
2026-08-20 12:16:00 | Epoch 146/200 | train 0.2580 / 91.10% | val 1.4995 / 47.90% | lr 0.017528 | 40.8s
2026-08-20 12:16:41 | Epoch 147/200 | train 0.7250 / 74.90% | val 0.6763 / 76.66% | lr 0.016934 | 40.7s
2026-08-20 12:17:23 | Epoch 148/200 | train 0.4248 / 85.61% | val 0.6346 / 78.22% | lr 0.016349 | 41.6s
2026-08-20 12:18:04 | Epoch 149/200 | train 0.2489 / 91.56% | val 0.6455 / 79.20% | lr 0.015773 | 41.5s
2026-08-20 12:18:46 | Epoch 150/200 | train 0.1296 / 95.83% | val 0.6474 / 80.92% | lr 0.015204 | 41.3s
2026-08-20 12:19:27 | Epoch 151/200 | train 0.0679 / 97.88% | val 0.6660 / 81.02% | lr 0.014645 | 41.4s
2026-08-20 12:20:09 | Epoch 152/200 | train 0.0329 / 99.10% | val 0.5546 / 84.74% | lr 0.014094 | 41.3s
2026-08-20 12:20:50 | Epoch 153/200 | train 0.0115 / 99.80% | val 0.5537 / 84.92% | lr 0.013552 | 41.0s
2026-08-20 12:21:31 | Epoch 154/200 | train 0.0040 / 99.97% | val 0.5016 / 86.16% | lr 0.013018 | 41.2s
2026-08-20 12:22:12 | Epoch 155/200 | train 0.0016 / 100.00% | val 0.4856 / 86.64% | lr 0.012494 | 41.2s
2026-08-20 12:22:54 | Epoch 156/200 | train 0.0013 / 100.00% | val 0.4705 / 86.86% | lr 0.011980 | 41.1s
2026-08-20 12:23:35 | Epoch 157/200 | train 0.0013 / 100.00% | val 0.4654 / 86.84% | lr 0.011474 | 41.1s
2026-08-20 12:24:16 | Epoch 158/200 | train 0.0013 / 100.00% | val 0.4647 / 86.80% | lr 0.010978 | 41.2s
2026-08-20 12:24:57 | Epoch 159/200 | train 0.0013 / 100.00% | val 0.4576 / 86.88% | lr 0.010492 | 41.1s
2026-08-20 12:25:38 | Epoch 160/200 | train 0.0014 / 100.00% | val 0.4552 / 86.80% | lr 0.010016 | 41.1s
2026-08-20 12:26:20 | Epoch 161/200 | train 0.0014 / 100.00% | val 0.4538 / 87.00% | lr 0.009549 | 41.1s
2026-08-20 12:27:01 | Epoch 162/200 | train 0.0014 / 100.00% | val 0.4481 / 87.32% | lr 0.009093 | 41.1s
2026-08-20 12:27:42 | Epoch 163/200 | train 0.0014 / 100.00% | val 0.4475 / 87.18% | lr 0.008646 | 41.1s
2026-08-20 12:28:23 | Epoch 164/200 | train 0.0015 / 100.00% | val 0.4437 / 87.22% | lr 0.008210 | 41.1s
2026-08-20 12:29:05 | Epoch 165/200 | train 0.0015 / 100.00% | val 0.4443 / 87.02% | lr 0.007784 | 41.2s
2026-08-20 12:29:46 | Epoch 166/200 | train 0.0015 / 100.00% | val 0.4410 / 87.00% | lr 0.007368 | 41.0s
2026-08-20 12:30:27 | Epoch 167/200 | train 0.0015 / 100.00% | val 0.4402 / 87.10% | lr 0.006963 | 41.2s
2026-08-20 12:31:08 | Epoch 168/200 | train 0.0016 / 100.00% | val 0.4415 / 87.24% | lr 0.006568 | 41.2s
2026-08-20 12:31:50 | Epoch 169/200 | train 0.0016 / 100.00% | val 0.4392 / 87.34% | lr 0.006185 | 41.0s
2026-08-20 12:32:31 | Epoch 170/200 | train 0.0016 / 100.00% | val 0.4408 / 87.24% | lr 0.005812 | 41.2s
2026-08-20 12:33:12 | Epoch 171/200 | train 0.0016 / 100.00% | val 0.4366 / 87.08% | lr 0.005450 | 41.1s
2026-08-20 12:33:53 | Epoch 172/200 | train 0.0017 / 100.00% | val 0.4365 / 87.20% | lr 0.005099 | 41.0s
2026-08-20 12:34:34 | Epoch 173/200 | train 0.0016 / 100.00% | val 0.4338 / 87.16% | lr 0.004759 | 41.1s
2026-08-20 12:35:16 | Epoch 174/200 | train 0.0016 / 100.00% | val 0.4336 / 87.12% | lr 0.004430 | 41.1s
2026-08-20 12:35:57 | Epoch 175/200 | train 0.0017 / 100.00% | val 0.4356 / 87.28% | lr 0.004112 | 40.9s
2026-08-20 12:36:38 | Epoch 176/200 | train 0.0017 / 100.00% | val 0.4345 / 87.12% | lr 0.003806 | 41.1s
2026-08-20 12:37:19 | Epoch 177/200 | train 0.0017 / 100.00% | val 0.4327 / 87.20% | lr 0.003511 | 41.1s
2026-08-20 12:38:00 | Epoch 178/200 | train 0.0016 / 100.00% | val 0.4343 / 87.18% | lr 0.003228 | 41.0s
2026-08-20 12:38:42 | Epoch 179/200 | train 0.0017 / 100.00% | val 0.4320 / 87.18% | lr 0.002956 | 41.1s
2026-08-20 12:39:23 | Epoch 180/200 | train 0.0017 / 100.00% | val 0.4413 / 87.14% | lr 0.002696 | 41.1s
2026-08-20 12:40:04 | Epoch 181/200 | train 0.0017 / 100.00% | val 0.4350 / 87.16% | lr 0.002447 | 41.1s
2026-08-20 12:40:45 | Epoch 182/200 | train 0.0017 / 100.00% | val 0.4329 / 87.06% | lr 0.002210 | 41.0s
2026-08-20 12:41:26 | Epoch 183/200 | train 0.0017 / 100.00% | val 0.4349 / 87.08% | lr 0.001985 | 41.1s
2026-08-20 12:42:08 | Epoch 184/200 | train 0.0017 / 100.00% | val 0.4358 / 87.02% | lr 0.001772 | 41.1s
2026-08-20 12:42:49 | Epoch 185/200 | train 0.0017 / 100.00% | val 0.4334 / 87.20% | lr 0.001571 | 41.0s
2026-08-20 12:43:30 | Epoch 186/200 | train 0.0017 / 100.00% | val 0.4348 / 87.12% | lr 0.001382 | 41.2s
2026-08-20 12:44:11 | Epoch 187/200 | train 0.0017 / 100.00% | val 0.4335 / 87.34% | lr 0.001204 | 41.2s
2026-08-20 12:44:53 | Epoch 188/200 | train 0.0017 / 100.00% | val 0.4367 / 86.94% | lr 0.001039 | 41.1s
2026-08-20 12:45:34 | Epoch 189/200 | train 0.0017 / 100.00% | val 0.4331 / 87.00% | lr 0.000886 | 41.2s
2026-08-20 12:46:15 | Epoch 190/200 | train 0.0017 / 100.00% | val 0.4327 / 87.30% | lr 0.000745 | 41.2s
2026-08-20 12:46:56 | Epoch 191/200 | train 0.0017 / 100.00% | val 0.4357 / 86.98% | lr 0.000616 | 41.0s
2026-08-20 12:47:38 | Epoch 192/200 | train 0.0017 / 100.00% | val 0.4351 / 87.20% | lr 0.000499 | 41.1s
2026-08-20 12:48:19 | Epoch 193/200 | train 0.0017 / 100.00% | val 0.4315 / 87.16% | lr 0.000394 | 41.1s
2026-08-20 12:49:00 | Epoch 194/200 | train 0.0017 / 100.00% | val 0.4331 / 87.34% | lr 0.000302 | 41.0s
2026-08-20 12:49:41 | Epoch 195/200 | train 0.0017 / 100.00% | val 0.4326 / 87.28% | lr 0.000222 | 41.1s
2026-08-20 12:50:23 | Epoch 196/200 | train 0.0017 / 100.00% | val 0.4341 / 87.08% | lr 0.000154 | 41.2s
2026-08-20 12:51:04 | Epoch 197/200 | train 0.0017 / 100.00% | val 0.4328 / 87.18% | lr 0.000099 | 41.2s
2026-08-20 12:51:45 | Epoch 198/200 | train 0.0017 / 100.00% | val 0.4331 / 87.06% | lr 0.000056 | 41.1s
2026-08-20 12:52:26 | Epoch 199/200 | train 0.0017 / 100.00% | val 0.4322 / 87.24% | lr 0.000025 | 41.2s
2026-08-20 12:53:08 | Epoch 200/200 | train 0.0017 / 100.00% | val 0.4336 / 87.12% | lr 0.000006 | 41.2s
2026-08-20 12:53:10 | Completed | best val 89.08% at epoch 135
2026-08-20 12:53:10 | Test accuracy: 88.99%
2026-08-20 12:53:10 | Run directory: /Users/jiaojiayi/Desktop/2608.week3/cifar10-resnet/runs/20260820-103331_model_comparison_resnet18_s266978
